========== Open-loop ACT diagnostic ==========
Model        : /home/natu/dofbot/train_outputs/act_state_v1_20260728_131331/checkpoints/050000/pretrained_model
Cube         : x=0.200, y=-0.050
Control rate : 10.0 Hz
Steps        : 130
Initial state: [0.800000011920929, 0.30000001192092896, -0.5, 0.30000001192092896, 0.0, 0.0, 0.0, 0.0, 0.0, 0.0, 0.0]
NOTE: /joint_states is NOT used.
NOTE: observation.state is updated from the previous ACT command.
Loading weights from local directory

Publishing training HOME before ACT inference...
Starting in 3.0 s. Ctrl+C to stop.
step=000 action_arm=[ 0.8223  0.2878 -0.5132  0.2704  0.    ] gripper=[ 0.0016 -0.0039  0.0017 -0.0021  0.0007 -0.003 ]
step=001 action_arm=[ 0.8197  0.2893 -0.5114  0.274   0.    ] gripper=[ 0.0015 -0.0039  0.0017 -0.002   0.0007 -0.0029]
step=002 action_arm=[ 0.8161  0.2914 -0.5091  0.279   0.    ] gripper=[ 0.0015 -0.0039  0.0016 -0.0019  0.0006 -0.0029]
step=003 action_arm=[ 0.8107  0.2945 -0.5054  0.2867  0.    ] gripper=[ 0.0013 -0.0038  0.0014 -0.0018  0.0004 -0.0029]
step=004 action_arm=[ 0.803   0.2992 -0.5004  0.2975  0.    ] gripper=[ 0.0011 -0.0036  0.0011 -0.0016  0.0002 -0.0027]
step=005 action_arm=[ 0.794   0.3045 -0.4943  0.3102  0.    ] gripper=[ 0.0007 -0.0034  0.0007 -0.0013 -0.0002 -0.0024]
step=006 action_arm=[ 0.7835  0.3111 -0.4874  0.3255  0.    ] gripper=[ 0.0002 -0.0032  0.0003 -0.0009 -0.0008 -0.0022]
step=007 action_arm=[ 0.7698  0.3189 -0.4786  0.3439  0.    ] gripper=[-0.0006 -0.0025 -0.0004 -0.0002 -0.0014 -0.0016]
step=008 action_arm=[ 0.7556  0.327  -0.4699  0.3628  0.    ] gripper=[-0.0016 -0.0021 -0.0012  0.0005 -0.0022 -0.0009]
step=009 action_arm=[ 0.7391  0.3371 -0.4596  0.3859  0.    ] gripper=[-0.0026 -0.0012 -0.0021  0.0013 -0.0032 -0.0002]
step=010 action_arm=[ 0.7514  0.3275 -0.4687  0.3644  0.    ] gripper=[-0.0011  0.0001 -0.0012  0.0014 -0.0023  0.0001]
step=011 action_arm=[ 0.7448  0.3313 -0.4644  0.3736  0.    ] gripper=[-0.0014  0.0003 -0.0015  0.0017 -0.0026  0.0004]
step=012 action_arm=[ 0.7301  0.3394 -0.4549  0.3941  0.    ] gripper=[-0.002   0.0007 -0.0021  0.0023 -0.0031  0.001 ]
step=013 action_arm=[ 0.7121  0.3492 -0.4436  0.4187  0.    ] gripper=[-0.0027  0.0011 -0.0028  0.0029 -0.0036  0.0015]
step=014 action_arm=[ 0.6926  0.3606 -0.4315  0.4458  0.    ] gripper=[-0.0033  0.0016 -0.0033  0.0033 -0.0041  0.0021]
step=015 action_arm=[ 0.6696  0.3749 -0.4169  0.4784  0.    ] gripper=[-0.0036  0.0019 -0.0037  0.0034 -0.0044  0.0025]
step=016 action_arm=[ 0.6448  0.3895 -0.4019  0.5119  0.    ] gripper=[-0.004   0.0024 -0.0042  0.0037 -0.0048  0.0029]
step=017 action_arm=[ 0.6178  0.4048 -0.3857  0.5486  0.    ] gripper=[-0.0043  0.003  -0.0047  0.0041 -0.0048  0.0033]
step=018 action_arm=[ 0.5942  0.4175 -0.3717  0.5795  0.    ] gripper=[-0.0048  0.0036 -0.0051  0.0046 -0.005   0.0038]
step=019 action_arm=[ 0.568   0.431  -0.3567  0.6139  0.    ] gripper=[-0.0051  0.0043 -0.0054  0.0049 -0.0052  0.004 ]
step=020 action_arm=[ 0.584   0.4139 -0.3713  0.5825  0.    ] gripper=[-0.0046  0.0041 -0.005   0.0052 -0.0059  0.0046]
step=030 action_arm=[ 0.3467  0.5103 -0.2457  0.879   0.    ] gripper=[-0.0054  0.0053 -0.0066  0.0059 -0.0064  0.0054]
step=040 action_arm=[ 0.0625  0.6023 -0.1046  1.2197  0.    ] gripper=[-0.0052  0.0044 -0.0065  0.0056 -0.0059  0.0052]
step=050 action_arm=[-0.249   0.6946  0.0348  1.5676  0.    ] gripper=[-0.0054  0.0033 -0.0054  0.0055 -0.0051  0.0043]
step=060 action_arm=[-0.4305  0.7606  0.1319  1.7912  0.    ] gripper=[-0.0052  0.003  -0.0032  0.0052 -0.0048  0.0035]
step=070 action_arm=[-0.4512  0.7694  0.1442  1.8174  0.    ] gripper=[-0.0054  0.003  -0.0032  0.0051 -0.0052  0.0037]
step=080 action_arm=[-0.456   0.771   0.1444  1.817   0.    ] gripper=[-0.0054  0.003  -0.0032  0.0051 -0.0052  0.0037]
step=090 action_arm=[-0.4596  0.7724  0.1442  1.8157  0.    ] gripper=[-0.0053  0.003  -0.0031  0.005  -0.0052  0.0036]
step=100 action_arm=[-0.4625  0.7735  0.1439  1.8142  0.    ] gripper=[-0.0053  0.0029 -0.0031  0.005  -0.0052  0.0036]
step=110 action_arm=[-0.4645  0.7744  0.1437  1.8133  0.    ] gripper=[-0.0052  0.0029 -0.003   0.005  -0.0052  0.0036]
step=120 action_arm=[-0.466   0.7751  0.1436  1.8125  0.    ] gripper=[-0.0052  0.0029 -0.003   0.005  -0.0051  0.0036]

Open-loop ACT run finished.
